[    0.000000] Initializing cgroup subsys cpuset
[    0.000000] Initializing cgroup subsys cpu
[    0.000000] Initializing cgroup subsys cpuacct
[    0.000000] Linux version 4.4.0-186-generic (buildd@lcy01-amd64-002) (gcc version 5.4.0 20160609 (Ubuntu 5.4.0-6ubuntu1~16.04.12) ) #216-Ubuntu SMP Wed Jul 1 05:34:05 UTC 2020 (Ubuntu 4.4.0-186.216-generic 4.4.228)
[    0.000000] Command line: BOOT_IMAGE=/boot/vmlinuz-4.4.0-186-generic root=LABEL=cloudimg-rootfs ro console=tty1 console=ttyS0
[    0.000000] KERNEL supported cpus:
[    0.000000]   Intel GenuineIntel
[    0.000000]   AMD AuthenticAMD
[    0.000000]   Centaur CentaurHauls
[    0.000000] [Firmware Bug]: TSC doesn't count with P0 frequency!
[    0.000000] x86/fpu: xstate_offset[2]:  576, xstate_sizes[2]:  256
[    0.000000] x86/fpu: Supporting XSAVE feature 0x01: 'x87 floating point registers'
[    0.000000] x86/fpu: Supporting XSAVE feature 0x02: 'SSE registers'
[    0.000000] x86/fpu: Supporting XSAVE feature 0x04: 'AVX registers'
[    0.000000] x86/fpu: Enabled xstate features 0x7, context size is 832 bytes, using 'standard' format.
[    0.000000] e820: BIOS-provided physical RAM map:
[    0.000000] BIOS-e820: [mem 0x0000000000000000-0x000000000009fbff] usable
[    0.000000] BIOS-e820: [mem 0x000000000009fc00-0x000000000009ffff] reserved
[    0.000000] BIOS-e820: [mem 0x00000000000f0000-0x00000000000fffff] reserved
[    0.000000] BIOS-e820: [mem 0x0000000000100000-0x000000003ffeffff] usable
[    0.000000] BIOS-e820: [mem 0x000000003fff0000-0x000000003fffffff] ACPI data
[    0.000000] BIOS-e820: [mem 0x00000000fec00000-0x00000000fec00fff] reserved
[    0.000000] BIOS-e820: [mem 0x00000000fee00000-0x00000000fee00fff] reserved
[    0.000000] BIOS-e820: [mem 0x00000000fffc0000-0x00000000ffffffff] reserved
[    0.000000] NX (Execute Disable) protection: active
[    0.000000] SMBIOS 2.5 present.
[    0.000000] Hypervisor detected: KVM
[    0.000000] Kernel/User page tables isolation: disabled
[    0.000000] e820: last_pfn = 0x3fff0 max_arch_pfn = 0x400000000
[    0.000000] MTRR: Disabled
[    0.000000] x86/PAT: MTRRs disabled, skipping PAT initialization too.
[    0.000000] CPU MTRRs all blank - virtualized system.
[    0.000000] x86/PAT: Configuration [0-7]: WB  WT  UC- UC  WB  WT  UC- UC  
[    0.000000] found SMP MP-table at [mem 0x0009fff0-0x0009ffff] mapped at [ffff88000009fff0]
[    0.000000] Scanning 1 areas for low memory corruption
[    0.000000] RAMDISK: [mem 0x362e0000-0x37167fff]
[    0.000000] ACPI: Early table checksum verification disabled
[    0.000000] ACPI: RSDP 0x00000000000E0000 000024 (v02 VBOX  )
[    0.000000] ACPI: XSDT 0x000000003FFF0030 00003C (v01 VBOX   VBOXXSDT 00000001 ASL  00000061)
[    0.000000] ACPI: FACP 0x000000003FFF00F0 0000F4 (v04 VBOX   VBOXFACP 00000001 ASL  00000061)
[    0.000000] ACPI: DSDT 0x000000003FFF0470 002325 (v02 VBOX   VBOXBIOS 00000002 INTL 20100528)
[    0.000000] ACPI: FACS 0x000000003FFF0200 000040
[    0.000000] ACPI: FACS 0x000000003FFF0200 000040
[    0.000000] ACPI: APIC 0x000000003FFF0240 00005C (v02 VBOX   VBOXAPIC 00000001 ASL  00000061)
[    0.000000] ACPI: SSDT 0x000000003FFF02A0 0001CC (v01 VBOX   VBOXCPUT 00000002 INTL 20100528)
[    0.000000] No NUMA configuration found
[    0.000000] Faking a node at [mem 0x0000000000000000-0x000000003ffeffff]
[    0.000000] NODE_DATA(0) allocated [mem 0x3ffeb000-0x3ffeffff]
[    0.000000] kvm-clock: Using msrs 4b564d01 and 4b564d00
[    0.000000] kvm-clock: cpu 0, msr 0:3ffe3001, primary cpu clock
[    0.000000] kvm-clock: using sched offset of 3242367483 cycles
[    0.000000] clocksource: kvm-clock: mask: 0xffffffffffffffff max_cycles: 0x1cd42e4dffb, max_idle_ns: 881590591483 ns
[    0.000000] Zone ranges:
[    0.000000]   DMA      [mem 0x0000000000001000-0x0000000000ffffff]
[    0.000000]   DMA32    [mem 0x0000000001000000-0x000000003ffeffff]
[    0.000000]   Normal   empty
[    0.000000]   Device   empty
[    0.000000] Movable zone start for each node
[    0.000000] Early memory node ranges
[    0.000000]   node   0: [mem 0x0000000000001000-0x000000000009efff]
[    0.000000]   node   0: [mem 0x0000000000100000-0x000000003ffeffff]
[    0.000000] Initmem setup node 0 [mem 0x0000000000001000-0x000000003ffeffff]
[    0.000000] ACPI: PM-Timer IO Port: 0x4008
[    0.000000] IOAPIC[0]: apic_id 2, version 32, address 0xfec00000, GSI 0-23
[    0.000000] ACPI: INT_SRC_OVR (bus 0 bus_irq 0 global_irq 2 dfl dfl)
[    0.000000] ACPI: INT_SRC_OVR (bus 0 bus_irq 9 global_irq 9 low level)
[    0.000000] Using ACPI (MADT) for SMP configuration information
[    0.000000] smpboot: Allowing 2 CPUs, 0 hotplug CPUs
[    0.000000] PM: Registered nosave memory: [mem 0x00000000-0x00000fff]
[    0.000000] PM: Registered nosave memory: [mem 0x0009f000-0x0009ffff]
[    0.000000] PM: Registered nosave memory: [mem 0x000a0000-0x000effff]
[    0.000000] PM: Registered nosave memory: [mem 0x000f0000-0x000fffff]
[    0.000000] e820: [mem 0x40000000-0xfebfffff] available for PCI devices
[    0.000000] Booting paravirtualized kernel on KVM
[    0.000000] clocksource: refined-jiffies: mask: 0xffffffff max_cycles: 0xffffffff, max_idle_ns: 7645519600211568 ns
[    0.000000] setup_percpu: NR_CPUS:512 nr_cpumask_bits:512 nr_cpu_ids:2 nr_node_ids:1
[    0.000000] PERCPU: Embedded 33 pages/cpu @ffff88003fc00000 s95512 r8192 d31464 u1048576
[    0.000000] Built 1 zonelists in Node order, mobility grouping on.  Total pages: 257912
[    0.000000] Policy zone: DMA32
[    0.000000] Kernel command line: BOOT_IMAGE=/boot/vmlinuz-4.4.0-186-generic root=LABEL=cloudimg-rootfs ro console=tty1 console=ttyS0
[    0.000000] PID hash table entries: 4096 (order: 3, 32768 bytes)
[    0.000000] Memory: 997664K/1048120K available (8636K kernel code, 1337K rwdata, 4040K rodata, 1492K init, 1296K bss, 50456K reserved, 0K cma-reserved)
[    0.000000] SLUB: HWalign=64, Order=0-3, MinObjects=0, CPUs=2, Nodes=1
[    0.000000] Hierarchical RCU implementation.
[    0.000000] 	Build-time adjustment of leaf fanout to 64.
[    0.000000] 	RCU restricting CPUs from NR_CPUS=512 to nr_cpu_ids=2.
[    0.000000] RCU: Adjusting geometry for rcu_fanout_leaf=64, nr_cpu_ids=2
[    0.000000] NR_IRQS:33024 nr_irqs:440 16
[    0.000000] Console: colour VGA+ 80x25
[    0.000000] console [tty1] enabled
[    0.000000] console [ttyS0] enabled
[    0.000000] tsc: Detected 2994.374 MHz processor
[    0.105365] Calibrating delay loop (skipped) preset value.. 5988.74 BogoMIPS (lpj=11977496)
[    0.106543] pid_max: default: 32768 minimum: 301
[    0.107185] ACPI: Core revision 20150930
[    0.108404] ACPI: 2 ACPI AML tables successfully acquired and loaded
[    0.109301] Security Framework initialized
[    0.109870] Yama: becoming mindful.
[    0.110398] AppArmor: AppArmor initialized
[    0.111012] Dentry cache hash table entries: 131072 (order: 8, 1048576 bytes)
[    0.111997] Inode-cache hash table entries: 65536 (order: 7, 524288 bytes)
[    0.115571] Mount-cache hash table entries: 2048 (order: 2, 16384 bytes)
[    0.116491] Mountpoint-cache hash table entries: 2048 (order: 2, 16384 bytes)
[    0.117493] Initializing cgroup subsys io
[    0.118075] Initializing cgroup subsys memory
[    0.118682] Initializing cgroup subsys devices
[    0.119295] Initializing cgroup subsys freezer
[    0.119909] Initializing cgroup subsys net_cls
[    0.120518] Initializing cgroup subsys perf_event
[    0.121225] Initializing cgroup subsys net_prio
[    0.122008] Initializing cgroup subsys hugetlb
[    0.122787] Initializing cgroup subsys pids
[    0.131125] mce: CPU supports 0 MCE banks
[    0.131761] Last level iTLB entries: 4KB 1024, 2MB 1024, 4MB 512
[    0.132760] Last level dTLB entries: 4KB 2048, 2MB 2048, 4MB 1024, 1GB 0
[    0.133790] Spectre V1 : Mitigation: usercopy/swapgs barriers and __user pointer sanitization
[    0.134933] Spectre V2 : Spectre mitigation: LFENCE not serializing, switching to generic retpoline
[    0.136111] Spectre V2 : Mitigation: Full generic retpoline
[    0.136830] Spectre V2 : Spectre v2 / SpectreRSB mitigation: Filling RSB on context switch
[    0.137969] Speculative Store Bypass: Mitigation: Speculative Store Bypass disabled via prctl and seccomp
[    0.141237] Freeing SMP alternatives memory: 36K
[    0.146810] ftrace: allocating 32334 entries in 127 pages
[    0.194489] smpboot: APIC(0) Converting physical 0 to logical package 0
[    0.195449] smpboot: Max logical packages: 1
[    0.196310] x2apic enabled
[    0.197046] Switched APIC routing to physical x2apic.
[    0.198605] ..TIMER: vector=0x30 apic1=0 pin1=2 apic2=-1 pin2=-1
[    0.307488] smpboot: CPU0: AMD Ryzen 5 4600H with Radeon Graphics (family: 0x17, model: 0x60, stepping: 0x1)
[    0.309047] Performance Events: Broken PMU hardware detected, using software events only.
[    0.310276] Failed to access perfctr msr (MSR c0010007 is 0)
[    0.317806] KVM setup paravirtual spinlock
[    0.319103] x86: Booting SMP configuration:
[    0.319709] .... node  #0, CPUs:      #1
[    0.320432] kvm-clock: cpu 1, msr 0:3ffe3041, secondary cpu clock
[    0.328634] mce: CPU supports 0 MCE banks
[    0.331047] x86: Booted up 1 node, 2 CPUs
[    0.331809] smpboot: Total of 2 processors activated (11977.49 BogoMIPS)
[    0.333031] devtmpfs: initialized
[    0.334889] evm: security.selinux
[    0.335412] evm: security.SMACK64
[    0.335944] evm: security.SMACK64EXEC
[    0.336508] evm: security.SMACK64TRANSMUTE
[    0.337099] evm: security.SMACK64MMAP
[    0.337646] evm: security.ima
[    0.338119] evm: security.capability
[    0.341692] clocksource: jiffies: mask: 0xffffffff max_cycles: 0xffffffff, max_idle_ns: 7645041785100000 ns
[    0.343275] futex hash table entries: 512 (order: 3, 32768 bytes)
[    0.344191] pinctrl core: initialized pinctrl subsystem
[    0.345032] RTC time: 21:18:11, date: 08/04/20
[    0.345999] NET: Registered protocol family 16
[    0.355913] cpuidle: using governor ladder
[    0.368772] cpuidle: using governor menu
[    0.370118] PCCT header not found.
[    0.370952] ACPI: bus type PCI registered
[    0.371543] acpiphp: ACPI Hot Plug PCI Controller Driver version: 0.5
[    0.372505] PCI: Using configuration type 1 for base access
[    0.373255] PCI: Using configuration type 1 for extended access
[    0.385241] ACPI: Added _OSI(Module Device)
[    0.385898] ACPI: Added _OSI(Processor Device)
[    0.386541] ACPI: Added _OSI(3.0 _SCP Extensions)
[    0.387210] ACPI: Added _OSI(Processor Aggregator Device)
[    0.388382] ACPI: Executed 1 blocks of module-level executable AML code
[    0.390513] ACPI: Interpreter enabled
[    0.391076] ACPI: (supports S0 S5)
[    0.391634] ACPI: Using IOAPIC for interrupt routing
[    0.392414] PCI: Using host bridge windows from ACPI; if necessary, use "pci=nocrs" and report a bug
[    0.395784] ACPI: PCI Root Bridge [PCI0] (domain 0000 [bus 00-ff])
[    0.396619] acpi PNP0A03:00: _OSC: OS supports [ExtendedConfig ASPM ClockPM Segments MSI]
[    0.398135] acpi PNP0A03:00: _OSC: platform does not support [PCIeCapability]
[    0.399238] acpi PNP0A03:00: _OSC: not requesting control; platform does not support [PCIeCapability]
[    0.400539] acpi PNP0A03:00: _OSC: OS requested [PCIeHotplug PME AER PCIeCapability]
[    0.401708] acpi PNP0A03:00: _OSC: platform willing to grant [PCIeHotplug PME AER]
[    0.402903] acpi PNP0A03:00: _OSC failed (AE_SUPPORT); disabling ASPM
[    0.404395] PCI host bridge to bus 0000:00
[    0.405194] pci_bus 0000:00: root bus resource [io  0x0000-0x0cf7 window]
[    0.413195] pci_bus 0000:00: root bus resource [io  0x0d00-0xffff window]
[    0.414072] pci_bus 0000:00: root bus resource [mem 0x000a0000-0x000bffff window]
[    0.415197] pci_bus 0000:00: root bus resource [mem 0x40000000-0xfdffffff window]
[    0.416287] pci_bus 0000:00: root bus resource [bus 00-ff]
[    0.418459] pci 0000:00:01.1: legacy IDE quirk: reg 0x10: [io  0x01f0-0x01f7]
[    0.419385] pci 0000:00:01.1: legacy IDE quirk: reg 0x14: [io  0x03f6]
[    0.420316] pci 0000:00:01.1: legacy IDE quirk: reg 0x18: [io  0x0170-0x0177]
[    0.421275] pci 0000:00:01.1: legacy IDE quirk: reg 0x1c: [io  0x0376]
[    0.437949] pci 0000:00:07.0: quirk: [io  0x4000-0x403f] claimed by PIIX4 ACPI
[    0.439170] pci 0000:00:07.0: quirk: [io  0x4100-0x410f] claimed by PIIX4 SMB
[    0.447455] ACPI: PCI Interrupt Link [LNKA] (IRQs 5 9 10 *11)
[    0.448665] ACPI: PCI Interrupt Link [LNKB] (IRQs 5 9 *10 11)
[    0.449745] ACPI: PCI Interrupt Link [LNKC] (IRQs 5 *9 10 11)
[    0.450824] ACPI: PCI Interrupt Link [LNKD] (IRQs 5 9 10 *11)
[    0.451926] ACPI: Enabled 2 GPEs in block 00 to 07
[    0.452867] vgaarb: setting as boot device: PCI:0000:00:02.0
[    0.454020] vgaarb: device added: PCI:0000:00:02.0,decodes=io+mem,owns=io+mem,locks=none
[    0.455246] vgaarb: loaded
[    0.455684] vgaarb: bridge control possible 0000:00:02.0
[    0.456517] SCSI subsystem initialized
[    0.457133] ACPI: bus type USB registered
[    0.457724] usbcore: registered new interface driver usbfs
[    0.458439] usbcore: registered new interface driver hub
[    0.459141] usbcore: registered new device driver usb
[    0.459974] PCI: Using ACPI for IRQ routing
[    0.460767] NetLabel: Initializing
[    0.461280] NetLabel:  domain hash size = 128
[    0.461912] NetLabel:  protocols = UNLABELED CIPSOv4
[    0.462592] NetLabel:  unlabeled traffic allowed by default
[    0.463401] amd_nb: Cannot enumerate AMD northbridges
[    0.464100] clocksource: Switched to clocksource kvm-clock
[    0.473929] AppArmor: AppArmor Filesystem Enabled
[    0.474687] pnp: PnP ACPI init
[    0.475712] pnp: PnP ACPI: found 3 devices
[    0.484097] clocksource: acpi_pm: mask: 0xffffff max_cycles: 0xffffff, max_idle_ns: 2085701024 ns
[    0.485344] NET: Registered protocol family 2
[    0.486071] TCP established hash table entries: 8192 (order: 4, 65536 bytes)
[    0.486966] TCP bind hash table entries: 8192 (order: 5, 131072 bytes)
[    0.487828] TCP: Hash tables configured (established 8192 bind 8192)
[    0.491439] UDP hash table entries: 512 (order: 2, 16384 bytes)
[    0.492218] UDP-Lite hash table entries: 512 (order: 2, 16384 bytes)
[    0.493056] NET: Registered protocol family 1
[    0.493665] pci 0000:00:00.0: Limiting direct PCI/PCI transfers
[    0.494425] pci 0000:00:01.0: Activating ISA DMA hang workarounds
[    0.495297] Unpacking initramfs...
[    0.724102] Freeing initrd memory: 14880K
[    0.724831] clocksource: tsc: mask: 0xffffffffffffffff max_cycles: 0x2b29828a32c, max_idle_ns: 440795270613 ns
[    0.726268] platform rtc_cmos: registered platform RTC device (no PNP device found)
[    0.727819] Scanning for low memory corruption every 60 seconds
[    0.728900] audit: initializing netlink subsys (disabled)
[    0.729646] audit: type=2000 audit(1596575896.536:1): initialized
[    0.730592] Initialise system trusted keyring
[    0.731411] HugeTLB registered 2 MB page size, pre-allocated 0 pages
[    0.733171] zbud: loaded
[    0.733951] VFS: Disk quotas dquot_6.6.0
[    0.734550] VFS: Dquot-cache hash table entries: 512 (order 0, 4096 bytes)
[    0.735522] squashfs: version 4.0 (2009/01/31) Phillip Lougher
[    0.741947] fuse init (API version 7.23)
[    0.742750] Key type big_key registered
[    0.743350] Allocating IMA MOK and blacklist keyrings.
[    0.744968] Key type asymmetric registered
[    0.745591] Asymmetric key parser 'x509' registered
[    0.746283] Block layer SCSI generic (bsg) driver version 0.4 loaded (major 249)
[    0.747368] io scheduler noop registered
[    0.748079] io scheduler deadline registered (default)
[    0.748773] io scheduler cfq registered
[    0.749411] pci_hotplug: PCI Hot Plug PCI Core version: 0.5
[    0.750153] pciehp: PCI Express Hot Plug Controller Driver version: 0.4
[    0.751083] ACPI: AC Adapter [AC] (on-line)
[    0.751715] input: Power Button as /devices/LNXSYSTM:00/LNXPWRBN:00/input/input0
[    0.752859] ACPI: Power Button [PWRF]
[    0.753451] input: Sleep Button as /devices/LNXSYSTM:00/LNXSLPBN:00/input/input1
[    0.754513] ACPI: Sleep Button [SLPF]
[    0.755179] GHES: HEST is not enabled!
[    0.755575] ACPI: Battery Slot [BAT0] (battery present)
[    0.756635] Serial: 8250/16550 driver, 32 ports, IRQ sharing enabled
[    0.777900] 00:02: ttyS0 at I/O 0x3f8 (irq = 4, base_baud = 115200) is a 16550A
[    0.780966] Linux agpgart interface v0.103
[    0.782584] loop: module loaded
[    0.783638] scsi host0: ata_piix
[    0.784288] scsi host1: ata_piix
[    0.784816] ata1: PATA max UDMA/33 cmd 0x1f0 ctl 0x3f6 bmdma 0xd000 irq 14
[    0.785690] ata2: PATA max UDMA/33 cmd 0x170 ctl 0x376 bmdma 0xd008 irq 15
[    0.786617] libphy: Fixed MDIO Bus: probed
[    0.787229] tun: Universal TUN/TAP device driver, 1.6
[    0.787915] tun: (C) 1999-2004 Max Krasnyansky <maxk@qualcomm.com>
[    0.788765] PPP generic driver version 2.4.2
[    0.789446] ehci_hcd: USB 2.0 'Enhanced' Host Controller (EHCI) Driver
[    0.790330] ehci-pci: EHCI PCI platform driver
[    0.790981] ehci-platform: EHCI generic platform driver
[    0.791680] ohci_hcd: USB 1.1 'Open' Host Controller (OHCI) Driver
[    0.792565] ohci-pci: OHCI PCI platform driver
[    0.793304] ohci-platform: OHCI generic platform driver
[    0.794038] uhci_hcd: USB Universal Host Controller Interface driver
[    0.794905] i8042: PNP: PS/2 Controller [PNP0303:PS2K,PNP0f03:PS2M] at 0x60,0x64 irq 1,12
[    0.796511] serio: i8042 KBD port at 0x60,0x64 irq 1
[    0.797221] serio: i8042 AUX port at 0x60,0x64 irq 12
[    0.798047] mousedev: PS/2 mouse device common for all mice
[    0.799283] input: AT Translated Set 2 keyboard as /devices/platform/i8042/serio0/input/input2
[    0.800616] rtc_cmos rtc_cmos: rtc core: registered rtc_cmos as rtc0
[    0.801585] rtc_cmos rtc_cmos: alarms up to one day, 114 bytes nvram
[    0.802558] i2c /dev entries driver
[    0.803142] device-mapper: uevent: version 1.0.3
[    0.803872] device-mapper: ioctl: 4.34.0-ioctl (2015-10-28) initialised: dm-devel@redhat.com
[    0.805069] ledtrig-cpu: registered to indicate activity on CPUs
[    0.806214] NET: Registered protocol family 10
[    0.807122] NET: Registered protocol family 17
[    0.807796] Key type dns_resolver registered
[    0.808690] registered taskstats version 1
[    0.809281] Loading compiled-in X.509 certificates
[    0.810313] Loaded X.509 cert 'Build time autogenerated kernel key: cef5e81496c0efa51b848ab539e845ddf31c08be'
[    0.811620] zswap: loaded using pool lzo/zbud
[    0.814364] Key type trusted registered
[    0.816768] Key type encrypted registered
[    0.817386] AppArmor: AppArmor sha1 policy hashing enabled
[    0.818097] ima: No TPM chip found, activating TPM-bypass!
[    0.818826] ima: Allocated hash algorithm: sha1
[    0.819461] evm: HMAC attrs: 0x1
[    0.820188]   Magic number: 0:811:347
[    0.820773]  pci0000:00: hash matches
[    0.821348] rtc_cmos rtc_cmos: setting system clock to 2020-08-04 21:18:12 UTC (1596575892)
[    0.822536] BIOS EDD facility v0.16 2004-Jun-25, 0 devices found
[    0.823295] EDD information not available.
[    0.965461] Freeing unused kernel memory: 1492K
[    0.966181] Write protecting the kernel read-only data: 14336k
[    0.967350] Freeing unused kernel memory: 1592K
[    0.968168] Freeing unused kernel memory: 56K
Loading, please wait...
starting version 229
[    0.977288] random: systemd-udevd: uninitialized urandom read (16 bytes read, 3 bits of entropy available)
[    0.978649] random: systemd-udevd: uninitialized urandom read (16 bytes read, 3 bits of entropy available)
[    0.979919] random: systemd-udevd: uninitialized urandom read (16 bytes read, 3 bits of entropy available)
[    0.981154] random: udevadm: uninitialized urandom read (16 bytes read, 3 bits of entropy available)
[    0.981182] random: udevadm: uninitialized urandom read (16 bytes read, 3 bits of entropy available)
[    0.983702] random: systemd-udevd: uninitialized urandom read (16 bytes read, 3 bits of entropy available)
[    0.985491] random: systemd-udevd: uninitialized urandom read (16 bytes read, 3 bits of entropy available)
[    0.986619] random: udevadm: uninitialized urandom read (16 bytes read, 3 bits of entropy available)
[    0.986655] random: udevadm: uninitialized urandom read (16 bytes read, 3 bits of entropy available)
[    0.986745] random: udevadm: uninitialized urandom read (16 bytes read, 3 bits of entropy available)
[    1.014153] e1000: Intel(R) PRO/1000 Network Driver - version 7.3.21-k8-NAPI
[    1.015124] e1000: Copyright (c) 1999-2006 Intel Corporation.
[    1.026359] Fusion MPT base driver 3.04.20
[    1.027055] Copyright (c) 1999-2008 LSI Corporation
[    1.030344] AVX2 version of gcm_enc/dec engaged.
[    1.031038] AES CTR mode by8 optimization enabled
[    1.031893] Fusion MPT SPI Host driver 3.04.20
[    1.251190] input: ImExPS/2 Generic Explorer Mouse as /devices/platform/i8042/serio1/input/input4
[    1.707707] e1000 0000:00:03.0 eth0: (PCI:33MHz:32-bit) 02:e5:f9:b1:f5:c2
[    1.708619] e1000 0000:00:03.0 eth0: Intel(R) PRO/1000 Network Connection
[    1.710043] mptbase: ioc0: Initiating bringup
[    1.792750] ioc0: LSI53C1030 A0: Capabilities={Initiator}
[    1.954882] scsi host2: ioc0: LSI53C1030 A0, FwRev=00000000h, Ports=1, MaxQ=256, IRQ=20
[    2.073942] scsi 2:0:0:0: Direct-Access     VBOX     HARDDISK         1.0  PQ: 0 ANSI: 5
[    2.081799] scsi target2:0:0: Beginning Domain Validation
[    2.084921] scsi target2:0:0: Domain Validation skipping write tests
[    2.085803] scsi target2:0:0: Ending Domain Validation
[    2.086611] scsi target2:0:0: asynchronous
[    2.087984] scsi 2:0:1:0: Direct-Access     VBOX     HARDDISK         1.0  PQ: 0 ANSI: 5
[    2.089320] scsi target2:0:1: Beginning Domain Validation
[    2.090621] scsi target2:0:1: Domain Validation skipping write tests
[    2.091425] scsi target2:0:1: Ending Domain Validation
[    2.092129] scsi target2:0:1: asynchronous
[    2.096921] sd 2:0:0:0: Attached scsi generic sg0 type 0
[    2.097837] sd 2:0:0:0: [sda] 20971520 512-byte logical blocks: (10.7 GB/10.0 GiB)
[    2.099313] sd 2:0:1:0: [sdb] 20480 512-byte logical blocks: (10.5 MB/10.0 MiB)
[    2.100446] sd 2:0:1:0: Attached scsi generic sg1 type 0
[    2.101279] sd 2:0:1:0: [sdb] Write Protect is off
[    2.102080] sd 2:0:1:0: [sdb] Incomplete mode parameter data
[    2.102866] sd 2:0:1:0: [sdb] Assuming drive cache: write through
[    2.104388] sd 2:0:0:0: [sda] Write Protect is off
[    2.105299] sd 2:0:0:0: [sda] Incomplete mode parameter data
[    2.106101] sd 2:0:0:0: [sda] Assuming drive cache: write through
[    2.107863]  sda: sda1
[    2.108447] sd 2:0:1:0: [sdb] Attached SCSI disk
[    2.109444] sd 2:0:0:0: [sda] Attached SCSI disk
[    2.423356] e1000 0000:00:08.0 eth1: (PCI:33MHz:32-bit) 08:00:27:53:b0:62
[    2.424271] e1000 0000:00:08.0 eth1: Intel(R) PRO/1000 Network Connection
[    2.425974] e1000 0000:00:03.0 enp0s3: renamed from eth0
[    2.437043] e1000 0000:00:08.0 enp0s8: renamed from eth1
Begin: Loading essential drivers ... [    3.943168] md: linear personality registered for level -1
[    3.945532] md: multipath personality registered for level -4
[    3.947950] md: raid0 personality registered for level 0
[    3.950996] md: raid1 personality registered for level 1
[    4.020132] raid6: sse2x1   gen()  8118 MB/s
[    4.088502] raid6: sse2x1   xor()  8245 MB/s
[    4.156507] raid6: sse2x2   gen() 17463 MB/s
[    4.224132] raid6: sse2x2   xor() 11248 MB/s
[    4.292393] raid6: sse2x4   gen() 14696 MB/s
[    4.360786] raid6: sse2x4   xor()  9247 MB/s
[    4.429187] raid6: avx2x1   gen() 20030 MB/s
[    4.496640] raid6: avx2x2   gen() 31969 MB/s
[    4.564155] raid6: avx2x4   gen() 31579 MB/s
[    4.564862] raid6: using algorithm avx2x2 gen() 31969 MB/s
[    4.565641] raid6: using avx2x2 recovery algorithm
[    4.567258] xor: automatically using best checksumming function:
[    4.604124]    avx       : 17999.000 MB/sec
[    4.605807] async_tx: api initialized (async)
[    4.612759] md: raid6 personality registered for level 6
[    4.613520] md: raid5 personality registered for level 5
[    4.614310] md: raid4 personality registered for level 4
[    4.619509] md: raid10 personality registered for level 10
done.
Begin: Running /scripts/init-premount ... done.
Begin: Mounting root file system ... Begin: Running /scripts/local-top ... done.
Begin: Running /scripts/local-premount ... [    4.641430] Btrfs loaded
Scanning for Btrfs filesystems
done.
Warning: fsck not present, so skipping root file system
[    4.667975] EXT4-fs (sda1): mounted filesystem with ordered data mode. Opts: (null)
done.
Begin: Running /scripts/local-bottom ... done.
Begin: Running /scripts/init-bottom ... done.
[    4.733873] systemd[1]: systemd 229 running in system mode. (+PAM +AUDIT +SELINUX +IMA +APPARMOR +SMACK +SYSVINIT +UTMP +LIBCRYPTSETUP +GCRYPT +GNUTLS +ACL +XZ -LZ4 +SECCOMP +BLKID +ELFUTILS +KMOD -IDN)
[    4.736270] systemd[1]: Detected virtualization oracle.
[    4.737007] systemd[1]: Detected architecture x86-64.

Welcome to [1mUbuntu 16.04.6 LTS[0m!

[    4.739516] systemd[1]: Set hostname to <ubuntu>.
[    4.742417] systemd[1]: Initializing machine ID from random generator.
[    4.743311] systemd[1]: Installed transient /etc/machine-id file.
[    4.832606] systemd[1]: Listening on udev Kernel Socket.
[[0;32m  OK  [0m] Listening on udev Kernel Socket.
[    4.834149] systemd[1]: Started Trigger resolvconf update for networkd DNS.
[[0;32m  OK  [0m] Started Trigger resolvconf update for networkd DNS.
[    4.840938] systemd[1]: Listening on Journal Socket.
[[0;32m  OK  [0m] Listening on Journal Socket.
[    4.843360] systemd[1]: Started Forward Password Requests to Wall Directory Watch.
[[0;32m  OK  [0m] Started Forward Password Requests to Wall Directory Watch.
[    4.845218] systemd[1]: Reached target Encrypted Volumes.
[[0;32m  OK  [0m] Reached target Encrypted Volumes.
[    4.852316] systemd[1]: Reached target System Time Synchronized.
[[0;32m  OK  [0m] Reached target System Time Synchronized.
[    4.854010] systemd[1]: Reached target User and Group Name Lookups.
[[0;32m  OK  [0m] Reached target User and Group Name Lookups.
[    4.855657] systemd[1]: Listening on LVM2 poll daemon socket.
[[0;32m  OK  [0m] Listening on LVM2 poll daemon socket.
[    4.857354] systemd[1]: Listening on Journal Audit Socket.
[[0;32m  OK  [0m] Listening on Journal Audit Socket.
[    4.858741] systemd[1]: Listening on /dev/initctl Compatibility Named Pipe.
[[0;32m  OK  [0m] Listening on /dev/initctl Compatibility Named Pipe.
[    4.860479] systemd[1]: Listening on Syslog Socket.
[[0;32m  OK  [0m] Listening on Syslog Socket.
[    4.868876] systemd[1]: Listening on LVM2 metadata daemon socket.
[[0;32m  OK  [0m] Listening on LVM2 metadata daemon socket.
[    4.870649] systemd[1]: Set up automount Arbitrary Executable File Formats File System Automount Point.
[[0;32m  OK  [0m] Set up automount Arbitrary Executab...ats File System Automount Point.
[    4.881135] systemd[1]: Created slice System Slice.
[[0;32m  OK  [0m] Created slice System Slice.
[    4.896454] systemd[1]: Mounting POSIX Message Queue File System...
         Mounting POSIX Message Queue File System...
[    4.900133] systemd[1]: Starting Load Kernel Modules...
         Starting Load Kernel Modules...
[    4.901806] systemd[1]: Starting Create list of required static device nodes for the current kernel...
         Starting Create list of required st... nodes for the current kernel...
[    4.908087] Loading iSCSI transport class v2.0-870.
[    4.913064] iscsi: registered transport (tcp)
[    4.913441] systemd[1]: Mounting Huge Pages File System...
         Mounting Huge Pages File System...
[    4.916235] systemd[1]: Created slice system-serial\x2dgetty.slice.
[[0;32m  OK  [0m] Created slice system-serial\x2dgetty.slice.
[    4.919644] systemd[1]: Starting Remount Root and Kernel File Systems...
         Starting Remount Root and Kernel File Systems...
[    4.921600] systemd[1]: Starting Set console keymap...
         Starting Set console keymap...
[    4.924615] systemd[1]: Mounting Debug File System...
         Mounting Debug File System...
[    4.926343] EXT4-fs (sda1): re-mounted. Opts: (null)
[    4.928040] systemd[1]: Starting Uncomplicated firewall...
         Starting Uncomplicated firewall...
[    4.929997] systemd[1]: Listening on udev Control Socket.
[[0;32m  OK  [0m] Listening on udev Control Socket.
[    4.934303] systemd[1]: Created slice User and Session Slice.
[[0;32m  OK  [0m] Created slice User and Session Slice.
[    4.935886] systemd[1]: Reached target Slices.
[[0;32m  OK  [0m] Reached target Slices.
[    4.937283] systemd[1]: Reached target Swap.
[[0;32m  OK  [0m] Reached target Swap.
[    4.938756] systemd[1]: Listening on Journal Socket (/dev/log).
[[0;32m  OK  [0m] Listening on Journal Socket (/dev/log).
[    4.941478] systemd[1]: Starting Journal Service...
         Starting Journal Service...
[    4.943202] systemd[1]: Listening on Device-mapper event daemon FIFOs.
[[0;32m  OK  [0m] Listening on Device-mapper event daemon FIFOs.
[    4.945556] systemd[1]: Starting Monitoring of LVM2 mirrors, snapshots etc. using dmeventd or progress polling...
         Starting Monitoring of LVM2 mirrors... dmeventd or progress polling...
[    4.948611] systemd[1]: Starting Nameserver information manager...
         Starting Nameserver information manager...
[    4.951422] systemd[1]: Mounted POSIX Message Queue File System.
[[0;32m  OK  [0m] Mounted POSIX Message Queue File System.
[    4.959864] systemd[1]: Mounted Debug File System.
[[0;32m  OK  [0m] Mounted Debug File System.
[    4.962623] systemd[1]: Mounted Huge Pages File System.
[[0;32m  OK  [0m] Mounted Huge Pages File System.
[    4.964326] systemd[1]: Started Create list of required static device nodes for the current kernel.
[[0;32m  OK  [0m] Started Create list of required sta...ce nodes for the current kernel.
[    4.972078] systemd[1]: Started Remount Root and Kernel File Systems.
[[0;32m  OK  [0m] Started Remount Root and Kernel File Systems.
[    4.974384] systemd[1]: Started Uncomplicated firewall.
[[0;32m  OK  [0m] Started Uncomplicated firewall.
[    4.987457] iscsi: registered transport (iser)
[    4.988654] systemd[1]: Started Set console keymap.
[[0;32m  OK  [0m] Started Set console keymap.
[    4.990346] systemd[1]: Started Load Kernel Modules.
[[0;32m  OK  [0m] Started Load Kernel Modules.
[    4.992260] systemd[1]: Started Journal Service.
[[0;32m  OK  [0m] Started Journal Service.
[[0;32m  OK  [0m] Started Nameserver information manager.
[[0;32m  OK  [0m] Started LVM2 metadata daemon.
         Starting Apply Kernel Variables...
         Mounting FUSE Control File System...
         Starting Load/Save Random Seed...
         Starting Flush Journal to Persistent Storage...
         Starting udev Coldplug all Devices...
         Starting Create Static Device Nodes in /dev...
[[0;32m  OK  [0m] Mounted FUSE Control File System.
[[0;32m  OK  [0m] Started Apply Kernel Variables.
[[0;32m  OK  [0m] Started Load/Save Random Seed.
[[0;32m  OK  [0m] Started Flush Journal to Persistent Storage.
[[0;32m  OK  [0m] Started Create Static Device Nodes in /dev.
         Starting udev Kernel Device Manager...
[[0;32m  OK  [0m] Started udev Coldplug all Devices.
[[0;32m  OK  [0m] Started udev Kernel Device Manager.
[[0;32m  OK  [0m] Started Dispatch Password Requests to Console Directory Watch.
[[0;32m  OK  [0m] Found device /dev/ttyS0.
[[0;32m  OK  [0m] Listening on Load/Save RF Kill Switch Status /dev/rfkill Watch.
[[0;32m  OK  [0m] Started Monitoring of LVM2 mirrors,...ng dmeventd or progress polling.
[[0;32m  OK  [0m] Reached target Local File Systems (Pre).
[[0;32m  OK  [0m] Reached target Local File Systems.
         Starting Initial cloud-init job (pre-networking)...
         Starting Tell Plymouth To Write Out Runtime Data...
         Starting Commit a transient machine-id on disk...
         Starting Create Volatile Files and Directories...
         Starting Set console font and keymap...
         Starting LSB: AppArmor initialization...
[[0;32m  OK  [0m] Started Tell Plymouth To Write Out Runtime Data.
[[0;32m  OK  [0m] Started Create Volatile Files and Directories.
         Starting Update UTMP about System Boot/Shutdown...
[[0;32m  OK  [0m] Started Update UTMP about System Boot/Shutdown.
[[0;32m  OK  [0m] Started Commit a transient machine-id on disk.
[[0;32m  OK  [0m] Started Set console font and keymap.
[[0;32m  OK  [0m] Created slice system-getty.slice.
[[0;32m  OK  [0m] Started LSB: AppArmor initialization.
         Starting Load AppArmor profiles managed internally by snapd...
[[0;32m  OK  [0m] Started Load AppArmor profiles managed internally by snapd.
[    6.166275] cloud-init[601]: Cloud-init v. 20.2-45-g5f7825e2-0ubuntu1~16.04.1 running 'init-local' at Tue, 04 Aug 2020 21:18:17 +0000. Up 5.86 seconds.
[[0;32m  OK  [0m] Started Initial cloud-init job (pre-networking).
[[0;32m  OK  [0m] Reached target Network (Pre).
         Starting Raise network interfaces...
[[0;32m  OK  [0m] Started Raise network interfaces.
[[0;32m  OK  [0m] Reached target Network.
         Starting Initial cloud-init job (metadata service crawler)...
[    6.931341] cloud-init[963]: Cloud-init v. 20.2-45-g5f7825e2-0ubuntu1~16.04.1 running 'init' at Tue, 04 Aug 2020 21:18:18 +0000. Up 6.53 seconds.
[    6.932415] cloud-init[963]: ci-info: ++++++++++++++++++++++++++++++++++++++Net device info+++++++++++++++++++++++++++++++++++++++
[    6.933231] cloud-init[963]: ci-info: +--------+-------+----------------------------+---------------+--------+-------------------+
[    6.934024] cloud-init[963]: ci-info: | Device |   Up  |          Address           |      Mask     | Scope  |     Hw-Address    |
[    6.934866] cloud-init[963]: ci-info: +--------+-------+----------------------------+---------------+--------+-------------------+
[    6.935988] cloud-init[963]: ci-info: | enp0s3 |  True |         10.0.2.15          | 255.255.255.0 | global | 02:e5:f9:b1:f5:c2 |
[    6.937099] cloud-init[963]: ci-info: | enp0s3 |  True | fe80::e5:f9ff:feb1:f5c2/64 |       .       |  link  | 02:e5:f9:b1:f5:c2 |
[    6.938242] cloud-init[963]: ci-info: | enp0s8 | False |             .              |       .       |   .    | 08:00:27:53:b0:62 |
[    6.939371] cloud-init[963]: ci-info: |   lo   |  True |         127.0.0.1          |   255.0.0.0   |  host  |         .         |
[    6.940564] cloud-init[963]: ci-info: |   lo   |  True |          ::1/128           |       .       |  host  |         .         |
[    6.949751] cloud-init[963]: ci-info: +--------+-------+----------------------------+---------------+--------+-------------------+
[    6.957759] cloud-init[963]: ci-info: +++++++++++++++++++++++++++Route IPv4 info++++++++++++++++++++++++++++
[[0;32m  OK  [0m] Started Initial cloud-init job (metadata service crawler).
[    6.966328] [[0;32m  OK  [0m] Reached target System Initialization.
[[0;32m  OK  [0m] Listening on ACPID Listen Socket.
[[0;32m  OK  [0m] Started Daily Cleanup of Temporary Directories.
cloud-init[963]: ci-info: +-------+-------------+----------+---------------+-----------+-------+
[[0;32m  OK  [0m] Started Message of the Day.
[    6.972368] [[0;32m  OK  [0m] Listening on D-Bus System Message Bus Socket.
[[0;32m  OK  [0m] Started Daily apt download activities.
[[0;32m  OK  [0m] Listening on UUID daemon activation socket.
cloud-init[963]: ci-info: | Route | Destination | Gateway  |    Genmask    | Interface | Flags |
[    6.974986] cloud-init[963]: ci-info: +-------+-------------+----------+---------------+-----------+-------+[[0;32m  OK  [0m] Started ACPI Events Check.
[[0;32m  OK  [0m] Reached target Paths.
[[0;32m  OK  [0m] Started Daily apt upgrade and clean activities.
[[0;32m  OK  [0m] Reached target Timers.
         Starting Socket activation for snappy daemon.

[    6.977233]          Starting LXD - unix socket.
[[0;32m  OK  [0m] Reached target Network is Online.
cloud-init[963]: ci-info: |   0   |   0.0.0.0   | 10.0.2.2 |    0.0.0.0    |   enp0s3  |   UG  |
[    6.978682] cloud-init[963]: ci-info: |   1   |   10.0.2.0  | 0.0.0.0  | 255.255.255.0 |   enp0s3  |   U   |
[    6.979688] cloud-init[963]: ci-info: +-------+-------------+----------+---------------+-----------+-------+
[    6.980629] cloud-init[963]: ci-info: +++++++++++++++++++Route IPv6 info+++++++++++++++++++
[    6.981554] cloud-init[963]: ci-info: +-------+-------------+---------+-----------+-------+
[    6.982449] cloud-init[963]: ci-info: | Route | Destination | Gateway | Interface | Flags |
[    6.983325] cloud-init[963]: ci-info: +-------+-------------+---------+-----------+-------+
[    6.988916] cloud-init[963]: ci-info: |   0   |  fe80::/64  |    ::   |   enp0s3  |   U   |
         Starting iSCSI initiator daemon (iscsid)...
[    6.992844] cloud-init[963]: ci-info: |   3   |   ff00::/8  |    ::   |   enp0s3  |   U   |
[    6.993772] cloud-init[963]: ci-info: +-------+-------------+---------+-----------+-------+
[    6.993883] cloud-init[963]: Generating public/private rsa key pair.
[    6.993956] cloud-init[963]: Your identification has been saved in /etc/ssh/ssh_host_rsa_key.
[    6.993984] cloud-init[963]: Your public key has been saved in /etc/ssh/ssh_host_rsa_key.pub.
[    6.994041] cloud-init[963]: The key fingerprint is:
[    6.994102] cloud-init[963]: SHA256:nspI30MxgdQswL7PjLuFyOLefcE3ggjI8eV9XRmz1PM root@ubuntu-xenial
[    6.994147] cloud-init[963]: The key's randomart image is:
[    6.994200] cloud-init[963]: +---[RSA 2048]----+
[    6.994245] cloud-init[963]: |   ..o.+     ++  |
[    6.994298] cloud-init[963]: | .  ..o +   .ooo |
[[0;32m  OK  [0m] Reached target Cloud-config availability.
[[0;32m  OK  [0m] Listening on Socket activation for snappy daemon.
[    6.994342] cloud-init[963]: |o o.o .. .. ..  o|
[    7.013312] cloud-init[963]: |.o ... .o. .    E|
[    7.013595] cloud-init[963]: |  . ..o So       |
[    7.013745] cloud-init[963]: | . o.o =.+       |
[[0;32m  OK  [0m] Listening on LXD - unix socket.
[    7.014169] cloud-init[963]: |. o o=..* .      |
[    7.026196] cloud-init[963]: |....o=++.        |
[    7.032997] cloud-init[963]: |.o .++= ..       |
[    7.033703] cloud-init[963]: +----[SHA256]-----+
[    7.034543] cloud-init[963]: Generating public/private dsa key pair.
[    7.035872] cloud-init[963]: Your identification has been saved in /etc/ssh/ssh_host_dsa_key.
[[    7.036784] [0;32m  OK  [0mcloud-init] [963]: Reached target Sockets.Your public key has been saved in /etc/ssh/ssh_host_dsa_key.pub.

[[0;32m  OK  [0m] Reached target Basic System.
[    7.037598] cloud-init[963]: The key fingerprint is:
[    7.038429] cloud-init[963]: SHA256:B4IdauWMxb01J29IVtg9pN8voMhzqE0goFCIQBNuOQg root@ubuntu-xenial
[    7.044902] [cloud-init[0;32m  OK  [0m[963]: ] The key's randomart image is:Started ACPI event daemon.

[    7.045551] cloud-init[963]: +---[DSA 1024]----+
[    7.053696] cloud-init[963]: |E=o  .+.   +.o.  |
[    7.053992] cloud-init[963]: |*.o  X... B o.o  |
         Starting Virtualbox guest utils...
[    7.054103] cloud-init[963]: |o=. = = .= *.  . |
[    7.062513]          cloud-initStarting Login Service...[963]: 
|o..o   .... o. . |
[    7.064330] cloud-init[963]: |.   . . S ... . .|
[    7.064442] cloud-init[963]: |     . o + . .  .|
         Starting Accounts Service...
[[0;32m  OK  [0m] Started D-Bus System Message Bus.
[    7.064482] cloud-init[963]: |        * o   . .|
[    7.074773] cloud-init[963]: |       + o     . |
[    7.075460] cloud-init[963]: |      . .        |
[    7.076179] cloud-init[963]: +----[SHA256]-----+
[    7.076641] cloud-init[963]: Generating public/private ecdsa key pair.
[    7.085012] cloud-init[963]: Your identification has been saved in /etc/ssh/ssh_host_ecdsa_key.
         Starting LSB: MD monitoring daemon...
[    7.097654] cloud-init[963]: Your public key has been saved in /etc/ssh/ssh_host_ecdsa_key.pub.
         Starting LXD - container startup/shutdown...
[    7.103973] cloud-init[963]: The key fingerprint is:
[    7.112361]          Starting Pollinate to seed the pseudo random number generator...
         Starting /etc/rc.local Compatibility...
         Starting Snap Daemon...
cloud-init[963]: SHA256:TC1qS1tOd3mfvv+VNwXBV5mhGnvKTzHnSivvNdHnsmg root@ubuntu-xenial
         Starting System Logging Service...
[[0;32m  OK  [0m] Started Deferred execution scheduler.
[[0;32m  OK  [0m] Started FUSE filesystem for LXC.
[[0;32m  OK  [0m] Started Regular background program processing daemon.
         Starting LSB: Record successful boot for GRUB...
[[0;32m  OK  [0m] Started iSCSI initiator daemon (iscsid).
[[0;32m  OK  [0m] Started /etc/rc.local Compatibility.
[[0;32m  OK  [0m] Started System Logging Service.
         Starting Authenticate and Authorize Users to Run Privileged Tasks...
         Starting Login to default iSCSI targets...
[[0;32m  OK  [0m] Started Login Service.
[[0;32m  OK  [0m] Started Unattended Upgrades Shutdown.
[    7.129457] cloud-init[963]: The key's randomart image is:
[[0;32m  OK  [0m] Started LSB: MD monitoring daemon.
[[0;32m  OK  [0m] Started LSB: Record successful boot for GRUB.
[    7.167314] cloud-init[963]: +---[ECDSA 256]---+
[    7.185775] cloud-init[963]: |             ...*|
[    7.192658] cloud-init[963]: |         .    o+.|
[    7.193325] cloud-init[963]: |        o .. ... |
[    7.201088] cloud-init[963]: |       + .  +. ..|
[    7.201779] cloud-init[963]: |      + S .oo+.o+|
[    7.202383] cloud-init[963]: |     o * ...o.=o*|
[    7.203104] cloud-init[963]: |      o .  o o.B=|
[[0;32m  OK  [0m] Started Authenticate and Authorize Users to Run Privileged Tasks.
[[0;32m  OK  [0m] Started Accounts Service.
[    7.204002] cloud-init[963]: |           .E.=o=|
[    7.226534] cloud-init[963]: |           .=*.o*|
[    7.231018] cloud-init[963]: +----[SHA256]-----+
[[0;32m  OK  [0m] Started Login to default iSCSI targets.
[[0;32m  OK  [0m] Reached target Remote File Systems (Pre).
[[0;32m  OK  [0m] Reached target Remote File Systems.
         Starting Permit User Sessions...
         Starting LSB: automatic crash report generation...
         Starting LSB: daemon to balance interrupts for SMP systems...
         Starting LSB: Set the CPU Frequency Scaling governor to "ondemand"...
[[0;32m  OK  [0m] Started Permit User Sessions.
[    7.237555] cloud-init[963]: Generating public/private ed25519 key pair.
         Starting Terminate Plymouth Boot Screen...
         Starting Hold until boot process finishes up...
[    7.260289] cloud-init[963]: Your identification has been saved in /etc/ssh/ssh_host_ed25519_key.
[    7.269637] cloud-init[963]: Your public key has been saved in /etc/ssh/ssh_host_ed25519_key.pub.
[[0;32m  OK  [0m] Started Hold until boot process finishes up.[    7.278702] cloud-init[963]: The key fingerprint is:
[    7.278746] cloud-init[963]: SHA256:JpDkoWtI3Qafro4RHvW7W4DATfTtOcCrAtGNcMZyV38 root@ubuntu-xenial
[    7.278792] cloud-init[963]: The key's randomart image is:
[    7.278819] cloud-init[963]: +--[ED25519 256]--+
[    7.278854] cloud-init[963]: |..++o..          |
[    7.278879] cloud-init[963]: |o=**Boo.         |
[    7.279097] cloud-init[963]: |.*+==O .. E      |
[    7.279132] cloud-init[963]: |.oo.=.+ ..       |
[    7.279175] cloud-init[963]: |ooo. =.+S        |
[    7.279221] cloud-init[963]: |o.o o oo.        |
[    7.279268] cloud-init[963]: | + o . .         |
[    7.279316] cloud-init[963]: |  =   o          |
[    7.279364] cloud-init[963]: | . . o.          |
[    7.279413] cloud-init[963]: +----[SHA256]-----+

[[0;32m  OK  [0m] Started Terminate Plymouth Boot Screen.
[[0;32m  OK  [0m] Started Getty on tty1.
[[0;32m  OK  [0m] Started Serial Getty on ttyS0.
[[0;32m  OK  [0m] Reached target Login Prompts.
         Starting Set console scheme...
[[0;32m  OK  [0m] Started Virtualbox guest utils.
[[0;32m  OK  [0m] Started LXD - container startup/shutdown.
[[0;32m  OK  [0m] Started LSB: automatic crash report generation.
[[0;32m  OK  [0m] Started LSB: daemon to balance interrupts for SMP systems.
[[0;32m  OK  [0m] Started Set console scheme.
[[0;32m  OK  [0m] Started LSB: Set the CPU Frequency Scaling governor to "ondemand".
[[0;32m  OK  [0m] Started Snap Daemon.
         Starting Wait until snapd is fully seeded...
[[0;32m  OK  [0m] Started Pollinate to seed the pseudo random number generator.
         Starting OpenBSD Secure Shell server...
[[0;32m  OK  [0m] Started OpenBSD Secure Shell server.
[[0;32m  OK  [0m] Started Wait until snapd is fully seeded.
[[0;32m  OK  [0m] Reached target Multi-User System.
[[0;32m  OK  [0m] Reached target Graphical Interface.
         Starting Update UTMP about System Runlevel Changes...
         Starting Apply the settings specified in cloud-config...
[[0;32m  OK  [0m] Started Update UTMP about System Runlevel Changes.
[    8.392955] cloud-init[1311]: Generating locales (this might take a while)...
[    9.284355] cloud-init[1311]:   en_US.UTF-8... done
[    9.286089] cloud-init[1311]: Generation complete.
[    9.486705] cloud-init[1311]: Cloud-init v. 20.2-45-g5f7825e2-0ubuntu1~16.04.1 running 'modules:config' at Tue, 04 Aug 2020 21:18:20 +0000. Up 8.31 seconds.
[[0;32m  OK  [0m] Started Apply the settings specified in cloud-config.
         Starting Execute cloud user/final scripts...
ci-info: no authorized SSH keys fingerprints found for user ubuntu.
<14>Aug  4 21:18:21 ec2: 
<14>Aug  4 21:18:21 ec2: #############################################################
<14>Aug  4 21:18:21 ec2: -----BEGIN SSH HOST KEY FINGERPRINTS-----
<14>Aug  4 21:18:21 ec2: 1024 SHA256:B4IdauWMxb01J29IVtg9pN8voMhzqE0goFCIQBNuOQg root@ubuntu-xenial (DSA)
<14>Aug  4 21:18:21 ec2: 256 SHA256:TC1qS1tOd3mfvv+VNwXBV5mhGnvKTzHnSivvNdHnsmg root@ubuntu-xenial (ECDSA)
<14>Aug  4 21:18:21 ec2: 256 SHA256:JpDkoWtI3Qafro4RHvW7W4DATfTtOcCrAtGNcMZyV38 root@ubuntu-xenial (ED25519)
<14>Aug  4 21:18:21 ec2: 2048 SHA256:nspI30MxgdQswL7PjLuFyOLefcE3ggjI8eV9XRmz1PM root@ubuntu-xenial (RSA)
<14>Aug  4 21:18:21 ec2: -----END SSH HOST KEY FINGERPRINTS-----
<14>Aug  4 21:18:21 ec2: #############################################################
-----BEGIN SSH HOST KEY KEYS-----
ecdsa-sha2-nistp256 AAAAE2VjZHNhLXNoYTItbmlzdHAyNTYAAAAIbmlzdHAyNTYAAABBBEPfkx34H8fHm/oC8wrFwBP29f5U5fc4aDlVPDjR2FDG6T0qpnwaluBP7YV7VkJV0bkxs6qIUyNKqS+nD4x22Lk= root@ubuntu-xenial
ssh-ed25519 AAAAC3NzaC1lZDI1NTE5AAAAIOBe+t+t5N85kl7QV7UHIzAJoskvkhS6gzHQ5S4qhtVF root@ubuntu-xenial
ssh-rsa AAAAB3NzaC1yc2EAAAADAQABAAABAQC2G8wwinuAymJX0r9EyY7EcKlTFCNdr8ALGyWClfijhfr7HG1wZG/yJf3z5mYLR8MJUsFwpYk47IiXNnhs4zPPLEqIzyAHgHJrDGDbHGFTaj9fYa/VZR9WLUfuVMIrXBbUYDozGiwBzO81FXJV7poT4WxSbvQrvT/eGw0bsFhsOeXpbUb38wxl689qwkxxNu1lLJmgVzir2jYQwOOiKjiFM0MNH2bhtPbzmLOwfbu/P++xhUqzzqB1lH1H0r0yGq0fJfiqipJY8dLTOU+VEJWDv6Tm9CKpNfDUA+OMVw71V+73z7VLug5pm01RTg7eernD3KPw1k2nDMDrbg6v2MOd root@ubuntu-xenial
-----END SSH HOST KEY KEYS-----
[    9.802926] cloud-init[1353]: Cloud-init v. 20.2-45-g5f7825e2-0ubuntu1~16.04.1 running 'modules:final' at Tue, 04 Aug 2020 21:18:21 +0000. Up 9.70 seconds.
[    9.809173] cloud-init[1353]: ci-info: no authorized SSH keys fingerprints found for user ubuntu.
[    9.817537] cloud-init[1353]: Cloud-init v. 20.2-45-g5f7825e2-0ubuntu1~16.04.1 finished at Tue, 04 Aug 2020 21:18:21 +0000. Datasource DataSourceNoCloud [seed=/dev/sdb][dsmode=net].  Up 9.79 seconds
[[0;32m  OK  [0m] Started Execute cloud user/final scripts.
[[0;32m  OK  [0m] Reached target Cloud-init target.

Ubuntu 16.04.6 LTS ubuntu-xenial ttyS0

ubuntu-xenial login: 